["<meta charset=\"utf-8\">","<meta name=\"description\" content=\"Explore single-cell transcriptomics data in CellGuide, a comprehensive resource that empowers researchers with deep insights into the intricacies of cell types\">","<meta name=\"next-head-count\" content=\"17\">","<meta name=\"theme-color\" content=\"#000000\">","<meta name=\"viewport\" content=\"width=device-width, initial-scale=1, minimum-scale=1, maximum-scale=1\">","<meta property=\"og:creator\" content=\"@cziscience\">","<meta property=\"og:description\" content=\"Explore single-cell transcriptomics data in CellGuide, a comprehensive resource that empowers researchers with deep insights into the intricacies of cell types\">","<meta property=\"og:image\" content=\"https://cellxgene.cziscience.com/open-graph.jpg\">","<meta property=\"og:site\" content=\"@cziscience\">","<meta property=\"og:site_name\" content=\"Cellxgene Data Portal\">","<meta property=\"og:title\" content=\"CellGuide Cell Types and Cell Tissues - CZ CELLxGENE\">","<meta property=\"og:type\" content=\"website\">","<meta property=\"og:url\" content=\"https://cellxgene.cziscience.com/\">","<meta property=\"title\" content=\"CellGuide Cell Types and Cell Tissues - CZ CELLxGENE\">","<meta property=\"twitter:card\" content=\"summary\">","<meta property=\"twitter:description\" content=\"Explore single-cell transcriptomics data in CellGuide, a comprehensive resource that empowers researchers with deep insights into the intricacies of cell types\">","<meta property=\"twitter:image\" content=\"https://cellxgene.cziscience.com/open-graph.jpg\">","<meta property=\"twitter:title\" content=\"CellGuide Cell Types and Cell Tissues - CZ CELLxGENE\">"]