["<meta charset=\"utf-8\">","<meta id=\"newsletter-signup-meta\" name=\"viewport\" content=\"width=device-width, initial-scale=1, maximum-scale=1\">","<meta name=\"description\" content=\"Find comprehensive information about neuron cell types. Neurons: Essential cells in the nervous system responsible for receiving, processing, and transmitting information, enabling vital body functions.\">","<meta name=\"next-head-count\" content=\"17\">","<meta name=\"theme-color\" content=\"#000000\">","<meta property=\"og:creator\" content=\"@cziscience\">","<meta property=\"og:description\" content=\"Find comprehensive information about neuron cell types. Neurons: Essential cells in the nervous system responsible for receiving, processing, and transmitting information, enabling vital body functions.\">","<meta property=\"og:image\" content=\"https://cellxgene.cziscience.com/open-graph.jpg\">","<meta property=\"og:site\" content=\"@cziscience\">","<meta property=\"og:site_name\" content=\"Cellxgene Data Portal\">","<meta property=\"og:title\" content=\"Neuron Cell Types - CZ CELLxGENE CellGuide\">","<meta property=\"og:type\" content=\"website\">","<meta property=\"og:url\" content=\"https://cellxgene.cziscience.com/\">","<meta property=\"title\" content=\"Neuron Cell Types - CZ CELLxGENE CellGuide\">","<meta property=\"twitter:card\" content=\"summary\">","<meta property=\"twitter:description\" content=\"Find comprehensive information about neuron cell types. Neurons: Essential cells in the nervous system responsible for receiving, processing, and transmitting information, enabling vital body functions.\">","<meta property=\"twitter:image\" content=\"https://cellxgene.cziscience.com/open-graph.jpg\">","<meta property=\"twitter:title\" content=\"Neuron Cell Types - CZ CELLxGENE CellGuide\">"]