["<meta charset=\"utf-8\">","<meta name=\"description\" content=\"Find comprehensive information about lung tissue: Respiration organ that develops as an outpocketing of the esophagus.\">","<meta name=\"next-head-count\" content=\"17\">","<meta name=\"theme-color\" content=\"#000000\">","<meta name=\"viewport\" content=\"width=device-width\">","<meta property=\"og:creator\" content=\"@cziscience\">","<meta property=\"og:description\" content=\"Find comprehensive information about lung tissue: Respiration organ that develops as an outpocketing of the esophagus.\">","<meta property=\"og:image\" content=\"https://cellxgene.cziscience.com/open-graph.jpg\">","<meta property=\"og:site\" content=\"@cziscience\">","<meta property=\"og:site_name\" content=\"Cellxgene Data Portal\">","<meta property=\"og:title\" content=\"Lung Tissue - CZ CELLxGENE CellGuide\">","<meta property=\"og:type\" content=\"website\">","<meta property=\"og:url\" content=\"https://cellxgene.cziscience.com/\">","<meta property=\"title\" content=\"Lung Tissue - CZ CELLxGENE CellGuide\">","<meta property=\"twitter:card\" content=\"summary\">","<meta property=\"twitter:description\" content=\"Find comprehensive information about lung tissue: Respiration organ that develops as an outpocketing of the esophagus.\">","<meta property=\"twitter:image\" content=\"https://cellxgene.cziscience.com/open-graph.jpg\">","<meta property=\"twitter:title\" content=\"Lung Tissue - CZ CELLxGENE CellGuide\">"]